Running small_fifo_add_test
inserted: a
inserted: b
inserted: c
inserted: d
inserted: e
evicted: a
inserted: f
evicted: b
inserted: g
evicted: c
inserted: h
evicted: d
inserted: i
evicted: e
inserted: j
Test complete
Running small_fifo_remove_test
inserted: a
inserted: b
inserted: c
inserted: d
inserted: e
inserted: f
evicted: b
inserted: g
evicted: c
inserted: h
evicted: d
inserted: i
evicted: e
inserted: j
inserted: k
inserted: l
inserted: m
inserted: n
inserted: o
Test complete
