Running small_lru_add_test
inserted: a
inserted: b
inserted: c
inserted: d
inserted: e
evicted: b
inserted: f
evicted: c
inserted: g
evicted: d
inserted: h
evicted: e
inserted: i
evicted: a
inserted: j
evicted: g
inserted: k
evicted: h
inserted: l
evicted: i
inserted: m
evicted: j
inserted: n
evicted: f
inserted: o
Test complete
Running small_lru_remove_test
inserted: a
inserted: b
inserted: c
inserted: d
inserted: e
inserted: f
evicted: b
inserted: g
evicted: c
inserted: h
evicted: d
inserted: i
evicted: e
inserted: j
inserted: k
inserted: l
inserted: m
inserted: n
inserted: o
Test complete
